[[
    {
        "tags": [
            {
                "type": "param",
                "types": [
                    "String"
                ],
                "name": "str",
                "description": ""
            },
            {
                "type": "param",
                "types": [
                    "Object"
                ],
                "name": "options",
                "description": ""
            },
            {
                "type": "return",
                "types": [
                    "Object"
                ],
                "description": "exports for chaining"
            }
        ],
        "description": {
            "full": "<p>Output the given <code>str</code> to <em>stdout</em><br />or the stream specified by <code>options</code>.</p>",
            "summary": "<p>Output the given <code>str</code> to <em>stdout</em><br />or the stream specified by <code>options</code>.</p>",
            "body": ""
        },
        "isPrivate": false,
        "ignore": false,
        "code": "exports.write = function(str, options) {\n  options = options || {};\n  (options.stream || process.stdout).write(str);\n  return this;\n};",
        "ctx": {
            "type": "method",
            "receiver": "exports",
            "name": "write",
            "string": "exports.write()"
        }
    }
],[
    {
        "tags": [
            {
                "type": "param",
                "types": [
                    "String"
                ],
                "name": "html",
                "description": "string to be escaped"
            },
            {
                "type": "return",
                "types": [
                    "String"
                ],
                "description": "escaped html"
            },
            {
                "type": "api",
                "visibility": "public"
            }
        ],
        "description": {
            "full": "<p>Escape the given <code>html</code>.</p>\n\n<p>Examples:</p>\n\n<pre><code>utils.escape('&lt;script&gt;&lt;/script&gt;')\n// =&gt; '&amp;lt;script&amp;gt;&amp;lt;/script&amp;gt;'\n</code></pre>",
            "summary": "<p>Escape the given <code>html</code>.</p>",
            "body": "<p>Examples:</p>\n\n<pre><code>utils.escape('&lt;script&gt;&lt;/script&gt;')\n// =&gt; '&amp;lt;script&amp;gt;&amp;lt;/script&amp;gt;'\n</code></pre>"
        },
        "isPrivate": false,
        "ignore": false,
        "code": "exports.escape = function(html){\n  return String(html)\n    .replace(/&(?!\\w+;)/g, '&amp;')\n    .replace(/</g, '&lt;')\n    .replace(/>/g, '&gt;');\n};",
        "ctx": {
            "type": "method",
            "receiver": "exports",
            "name": "escape",
            "string": "exports.escape()"
        }
    }
]]